2026-09-27T19:51:27Z
NAME           REFERENCE                 TARGETS   MINPODS   MAXPODS   REPLICAS   AGE
scaletestapp   Deployment/scaletestapp   0/10      1         10        1          12m
NAME           READY   UP-TO-DATE   AVAILABLE   AGE
scaletestapp   1/1     1            1           33m
NAME                            CPU(cores)   MEMORY(bytes)   
scaletestapp-59dd856cd7-lgjlp   1m           11Mi            
NAME                            READY   STATUS    RESTARTS   AGE
scaletestapp-59dd856cd7-lgjlp   1/1     Running   0          13m
2026-09-27T19:51:42Z
NAME           REFERENCE                 TARGETS   MINPODS   MAXPODS   REPLICAS   AGE
scaletestapp   Deployment/scaletestapp   0/10      1         10        1          12m
NAME           READY   UP-TO-DATE   AVAILABLE   AGE
scaletestapp   1/1     1            1           33m
NAME                            CPU(cores)   MEMORY(bytes)   
scaletestapp-59dd856cd7-lgjlp   1m           11Mi            
NAME                            READY   STATUS    RESTARTS   AGE
scaletestapp-59dd856cd7-lgjlp   1/1     Running   0          13m
2026-09-27T19:51:57Z
NAME           REFERENCE                 TARGETS   MINPODS   MAXPODS   REPLICAS   AGE
scaletestapp   Deployment/scaletestapp   0/10      1         10        1          13m
NAME           READY   UP-TO-DATE   AVAILABLE   AGE
scaletestapp   1/1     1            1           33m
NAME                            CPU(cores)   MEMORY(bytes)   
scaletestapp-59dd856cd7-lgjlp   1m           11Mi            
NAME                            READY   STATUS    RESTARTS   AGE
scaletestapp-59dd856cd7-lgjlp   1/1     Running   0          13m
2026-09-27T19:52:12Z
NAME           REFERENCE                 TARGETS   MINPODS   MAXPODS   REPLICAS   AGE
scaletestapp   Deployment/scaletestapp   0/10      1         10        1          13m
NAME           READY   UP-TO-DATE   AVAILABLE   AGE
scaletestapp   1/1     1            1           33m
NAME                            CPU(cores)   MEMORY(bytes)   
scaletestapp-59dd856cd7-lgjlp   1m           11Mi            
NAME                            READY   STATUS    RESTARTS   AGE
scaletestapp-59dd856cd7-lgjlp   1/1     Running   0          14m
2026-09-27T19:52:28Z
NAME           REFERENCE                 TARGETS   MINPODS   MAXPODS   REPLICAS   AGE
scaletestapp   Deployment/scaletestapp   0/10      1         10        1          13m
NAME           READY   UP-TO-DATE   AVAILABLE   AGE
scaletestapp   1/1     1            1           34m
NAME                            CPU(cores)   MEMORY(bytes)   
scaletestapp-59dd856cd7-lgjlp   1m           11Mi            
NAME                            READY   STATUS    RESTARTS   AGE
scaletestapp-59dd856cd7-lgjlp   1/1     Running   0          14m
2026-09-27T19:52:43Z
NAME           REFERENCE                 TARGETS    MINPODS   MAXPODS   REPLICAS   AGE
scaletestapp   Deployment/scaletestapp   2933m/10   1         10        1          13m
NAME           READY   UP-TO-DATE   AVAILABLE   AGE
scaletestapp   1/1     1            1           34m
NAME                            CPU(cores)   MEMORY(bytes)   
scaletestapp-59dd856cd7-lgjlp   1m           11Mi            
NAME                            READY   STATUS    RESTARTS   AGE
scaletestapp-59dd856cd7-lgjlp   1/1     Running   0          14m
2026-09-27T19:52:58Z
NAME           REFERENCE                 TARGETS     MINPODS   MAXPODS   REPLICAS   AGE
scaletestapp   Deployment/scaletestapp   19044m/10   1         10        1          14m
NAME           READY   UP-TO-DATE   AVAILABLE   AGE
scaletestapp   2/2     2            2           34m
NAME                            CPU(cores)   MEMORY(bytes)   
scaletestapp-59dd856cd7-lgjlp   1m           11Mi            
NAME                            READY   STATUS    RESTARTS   AGE
scaletestapp-59dd856cd7-5htzt   1/1     Running   0          2s
scaletestapp-59dd856cd7-lgjlp   1/1     Running   0          14m
2026-09-27T19:53:13Z
NAME           REFERENCE                 TARGETS     MINPODS   MAXPODS   REPLICAS   AGE
scaletestapp   Deployment/scaletestapp   34133m/10   1         10        2          14m
NAME           READY   UP-TO-DATE   AVAILABLE   AGE
scaletestapp   4/4     4            4           34m
NAME                            CPU(cores)   MEMORY(bytes)   
scaletestapp-59dd856cd7-lgjlp   11m          13Mi            
NAME                            READY   STATUS    RESTARTS   AGE
scaletestapp-59dd856cd7-5htzt   1/1     Running   0          18s
scaletestapp-59dd856cd7-jpqsj   1/1     Running   0          3s
scaletestapp-59dd856cd7-lgjlp   1/1     Running   0          15m
scaletestapp-59dd856cd7-rzmc5   1/1     Running   0          3s
2026-09-27T19:53:29Z
NAME           REFERENCE                 TARGETS     MINPODS   MAXPODS   REPLICAS   AGE
scaletestapp   Deployment/scaletestapp   24403m/10   1         10        4          14m
NAME           READY   UP-TO-DATE   AVAILABLE   AGE
scaletestapp   5/5     5            5           35m
NAME                            CPU(cores)   MEMORY(bytes)   
scaletestapp-59dd856cd7-lgjlp   11m          13Mi            
NAME                            READY   STATUS    RESTARTS   AGE
scaletestapp-59dd856cd7-5htzt   1/1     Running   0          33s
scaletestapp-59dd856cd7-7lbq4   1/1     Running   0          3s
scaletestapp-59dd856cd7-jpqsj   1/1     Running   0          18s
scaletestapp-59dd856cd7-lgjlp   1/1     Running   0          15m
scaletestapp-59dd856cd7-rzmc5   1/1     Running   0          18s
2026-09-27T19:53:44Z
NAME           REFERENCE                 TARGETS     MINPODS   MAXPODS   REPLICAS   AGE
scaletestapp   Deployment/scaletestapp   14643m/10   1         10        5          14m
NAME           READY   UP-TO-DATE   AVAILABLE   AGE
scaletestapp   5/5     5            5           35m
NAME                            CPU(cores)   MEMORY(bytes)   
scaletestapp-59dd856cd7-lgjlp   11m          13Mi            
NAME                            READY   STATUS    RESTARTS   AGE
scaletestapp-59dd856cd7-5htzt   1/1     Running   0          48s
scaletestapp-59dd856cd7-7lbq4   1/1     Running   0          18s
scaletestapp-59dd856cd7-jpqsj   1/1     Running   0          33s
scaletestapp-59dd856cd7-lgjlp   1/1     Running   0          15m
scaletestapp-59dd856cd7-rzmc5   1/1     Running   0          33s
2026-09-27T19:53:59Z
NAME           REFERENCE                 TARGETS    MINPODS   MAXPODS   REPLICAS   AGE
scaletestapp   Deployment/scaletestapp   9334m/10   1         10        5          15m
NAME           READY   UP-TO-DATE   AVAILABLE   AGE
scaletestapp   5/5     5            5           35m
NAME                            CPU(cores)   MEMORY(bytes)   
scaletestapp-59dd856cd7-lgjlp   11m          13Mi            
NAME                            READY   STATUS    RESTARTS   AGE
scaletestapp-59dd856cd7-5htzt   1/1     Running   0          63s
scaletestapp-59dd856cd7-7lbq4   1/1     Running   0          33s
scaletestapp-59dd856cd7-jpqsj   1/1     Running   0          48s
scaletestapp-59dd856cd7-lgjlp   1/1     Running   0          15m
scaletestapp-59dd856cd7-rzmc5   1/1     Running   0          48s
2026-09-27T19:54:14Z
NAME           REFERENCE                 TARGETS    MINPODS   MAXPODS   REPLICAS   AGE
scaletestapp   Deployment/scaletestapp   9242m/10   1         10        5          15m
NAME           READY   UP-TO-DATE   AVAILABLE   AGE
scaletestapp   5/5     5            5           35m
NAME                            CPU(cores)   MEMORY(bytes)   
scaletestapp-59dd856cd7-5htzt   6m           6Mi             
scaletestapp-59dd856cd7-7lbq4   5m           5Mi             
scaletestapp-59dd856cd7-jpqsj   5m           5Mi             
scaletestapp-59dd856cd7-lgjlp   6m           10Mi            
scaletestapp-59dd856cd7-rzmc5   4m           5Mi             
NAME                            READY   STATUS    RESTARTS   AGE
scaletestapp-59dd856cd7-5htzt   1/1     Running   0          79s
scaletestapp-59dd856cd7-7lbq4   1/1     Running   0          49s
scaletestapp-59dd856cd7-jpqsj   1/1     Running   0          64s
scaletestapp-59dd856cd7-lgjlp   1/1     Running   0          16m
scaletestapp-59dd856cd7-rzmc5   1/1     Running   0          64s
2026-09-27T19:54:30Z
NAME           REFERENCE                 TARGETS    MINPODS   MAXPODS   REPLICAS   AGE
scaletestapp   Deployment/scaletestapp   9766m/10   1         10        5          15m
NAME           READY   UP-TO-DATE   AVAILABLE   AGE
scaletestapp   5/5     5            5           36m
NAME                            CPU(cores)   MEMORY(bytes)   
scaletestapp-59dd856cd7-5htzt   6m           6Mi             
scaletestapp-59dd856cd7-7lbq4   5m           5Mi             
scaletestapp-59dd856cd7-jpqsj   5m           5Mi             
scaletestapp-59dd856cd7-lgjlp   6m           10Mi            
scaletestapp-59dd856cd7-rzmc5   4m           5Mi             
NAME                            READY   STATUS    RESTARTS   AGE
scaletestapp-59dd856cd7-5htzt   1/1     Running   0          94s
scaletestapp-59dd856cd7-7lbq4   1/1     Running   0          64s
scaletestapp-59dd856cd7-jpqsj   1/1     Running   0          79s
scaletestapp-59dd856cd7-lgjlp   1/1     Running   0          16m
scaletestapp-59dd856cd7-rzmc5   1/1     Running   0          79s
2026-09-27T19:54:45Z
NAME           REFERENCE                 TARGETS     MINPODS   MAXPODS   REPLICAS   AGE
scaletestapp   Deployment/scaletestapp   10008m/10   1         10        5          15m
NAME           READY   UP-TO-DATE   AVAILABLE   AGE
scaletestapp   5/5     5            5           36m
NAME                            CPU(cores)   MEMORY(bytes)   
scaletestapp-59dd856cd7-5htzt   6m           6Mi             
scaletestapp-59dd856cd7-7lbq4   5m           5Mi             
scaletestapp-59dd856cd7-jpqsj   5m           5Mi             
scaletestapp-59dd856cd7-lgjlp   6m           10Mi            
scaletestapp-59dd856cd7-rzmc5   4m           5Mi             
NAME                            READY   STATUS    RESTARTS   AGE
scaletestapp-59dd856cd7-5htzt   1/1     Running   0          109s
scaletestapp-59dd856cd7-7lbq4   1/1     Running   0          79s
scaletestapp-59dd856cd7-jpqsj   1/1     Running   0          94s
scaletestapp-59dd856cd7-lgjlp   1/1     Running   0          16m
scaletestapp-59dd856cd7-rzmc5   1/1     Running   0          94s
2026-09-27T19:55:00Z
NAME           REFERENCE                 TARGETS     MINPODS   MAXPODS   REPLICAS   AGE
scaletestapp   Deployment/scaletestapp   10008m/10   1         10        5          16m
NAME           READY   UP-TO-DATE   AVAILABLE   AGE
scaletestapp   5/5     5            5           36m
NAME                            CPU(cores)   MEMORY(bytes)   
scaletestapp-59dd856cd7-5htzt   5m           6Mi             
scaletestapp-59dd856cd7-7lbq4   5m           7Mi             
scaletestapp-59dd856cd7-jpqsj   5m           7Mi             
scaletestapp-59dd856cd7-lgjlp   5m           10Mi            
scaletestapp-59dd856cd7-rzmc5   5m           6Mi             
NAME                            READY   STATUS    RESTARTS   AGE
scaletestapp-59dd856cd7-5htzt   1/1     Running   0          2m5s
scaletestapp-59dd856cd7-7lbq4   1/1     Running   0          95s
scaletestapp-59dd856cd7-jpqsj   1/1     Running   0          110s
scaletestapp-59dd856cd7-lgjlp   1/1     Running   0          16m
scaletestapp-59dd856cd7-rzmc5   1/1     Running   0          110s
2026-09-27T19:55:16Z
NAME           REFERENCE                 TARGETS     MINPODS   MAXPODS   REPLICAS   AGE
scaletestapp   Deployment/scaletestapp   10027m/10   1         10        5          16m
NAME           READY   UP-TO-DATE   AVAILABLE   AGE
scaletestapp   5/5     5            5           36m
NAME                            CPU(cores)   MEMORY(bytes)   
scaletestapp-59dd856cd7-5htzt   5m           6Mi             
scaletestapp-59dd856cd7-7lbq4   5m           7Mi             
scaletestapp-59dd856cd7-jpqsj   5m           7Mi             
scaletestapp-59dd856cd7-lgjlp   5m           10Mi            
scaletestapp-59dd856cd7-rzmc5   5m           6Mi             
NAME                            READY   STATUS    RESTARTS   AGE
scaletestapp-59dd856cd7-5htzt   1/1     Running   0          2m20s
scaletestapp-59dd856cd7-7lbq4   1/1     Running   0          110s
scaletestapp-59dd856cd7-jpqsj   1/1     Running   0          2m5s
scaletestapp-59dd856cd7-lgjlp   1/1     Running   0          17m
scaletestapp-59dd856cd7-rzmc5   1/1     Running   0          2m5s
2026-09-27T19:55:31Z
NAME           REFERENCE                 TARGETS    MINPODS   MAXPODS   REPLICAS   AGE
scaletestapp   Deployment/scaletestapp   9826m/10   1         10        5          16m
NAME           READY   UP-TO-DATE   AVAILABLE   AGE
scaletestapp   5/5     5            5           37m
NAME                            CPU(cores)   MEMORY(bytes)   
scaletestapp-59dd856cd7-5htzt   5m           6Mi             
scaletestapp-59dd856cd7-7lbq4   5m           7Mi             
scaletestapp-59dd856cd7-jpqsj   5m           7Mi             
scaletestapp-59dd856cd7-lgjlp   5m           10Mi            
scaletestapp-59dd856cd7-rzmc5   5m           6Mi             
NAME                            READY   STATUS    RESTARTS   AGE
scaletestapp-59dd856cd7-5htzt   1/1     Running   0          2m35s
scaletestapp-59dd856cd7-7lbq4   1/1     Running   0          2m5s
scaletestapp-59dd856cd7-jpqsj   1/1     Running   0          2m20s
scaletestapp-59dd856cd7-lgjlp   1/1     Running   0          17m
scaletestapp-59dd856cd7-rzmc5   1/1     Running   0          2m20s
2026-09-27T19:55:46Z
NAME           REFERENCE                 TARGETS    MINPODS   MAXPODS   REPLICAS   AGE
scaletestapp   Deployment/scaletestapp   9866m/10   1         10        5          16m
NAME           READY   UP-TO-DATE   AVAILABLE   AGE
scaletestapp   5/5     5            5           37m
NAME                            CPU(cores)   MEMORY(bytes)   
scaletestapp-59dd856cd7-5htzt   5m           6Mi             
scaletestapp-59dd856cd7-7lbq4   5m           7Mi             
scaletestapp-59dd856cd7-jpqsj   5m           7Mi             
scaletestapp-59dd856cd7-lgjlp   5m           10Mi            
scaletestapp-59dd856cd7-rzmc5   5m           6Mi             
NAME                            READY   STATUS    RESTARTS   AGE
scaletestapp-59dd856cd7-5htzt   1/1     Running   0          2m51s
scaletestapp-59dd856cd7-7lbq4   1/1     Running   0          2m21s
scaletestapp-59dd856cd7-jpqsj   1/1     Running   0          2m36s
scaletestapp-59dd856cd7-lgjlp   1/1     Running   0          17m
scaletestapp-59dd856cd7-rzmc5   1/1     Running   0          2m36s
2026-09-27T19:56:02Z
NAME           REFERENCE                 TARGETS     MINPODS   MAXPODS   REPLICAS   AGE
scaletestapp   Deployment/scaletestapp   10039m/10   1         10        5          17m
NAME           READY   UP-TO-DATE   AVAILABLE   AGE
scaletestapp   5/5     5            5           37m
NAME                            CPU(cores)   MEMORY(bytes)   
scaletestapp-59dd856cd7-5htzt   5m           7Mi             
scaletestapp-59dd856cd7-7lbq4   5m           7Mi             
scaletestapp-59dd856cd7-jpqsj   5m           7Mi             
scaletestapp-59dd856cd7-lgjlp   5m           11Mi            
scaletestapp-59dd856cd7-rzmc5   5m           7Mi             
NAME                            READY   STATUS    RESTARTS   AGE
scaletestapp-59dd856cd7-5htzt   1/1     Running   0          3m6s
scaletestapp-59dd856cd7-7lbq4   1/1     Running   0          2m36s
scaletestapp-59dd856cd7-jpqsj   1/1     Running   0          2m51s
scaletestapp-59dd856cd7-lgjlp   1/1     Running   0          17m
scaletestapp-59dd856cd7-rzmc5   1/1     Running   0          2m51s
2026-09-27T19:56:17Z
NAME           REFERENCE                 TARGETS     MINPODS   MAXPODS   REPLICAS   AGE
scaletestapp   Deployment/scaletestapp   10024m/10   1         10        5          17m
NAME           READY   UP-TO-DATE   AVAILABLE   AGE
scaletestapp   5/5     5            5           37m
NAME                            CPU(cores)   MEMORY(bytes)   
scaletestapp-59dd856cd7-5htzt   5m           7Mi             
scaletestapp-59dd856cd7-7lbq4   5m           7Mi             
scaletestapp-59dd856cd7-jpqsj   5m           7Mi             
scaletestapp-59dd856cd7-lgjlp   5m           11Mi            
scaletestapp-59dd856cd7-rzmc5   5m           7Mi             
NAME                            READY   STATUS    RESTARTS   AGE
scaletestapp-59dd856cd7-5htzt   1/1     Running   0          3m21s
scaletestapp-59dd856cd7-7lbq4   1/1     Running   0          2m51s
scaletestapp-59dd856cd7-jpqsj   1/1     Running   0          3m6s
scaletestapp-59dd856cd7-lgjlp   1/1     Running   0          18m
scaletestapp-59dd856cd7-rzmc5   1/1     Running   0          3m6s
2026-09-27T19:56:32Z
NAME           REFERENCE                 TARGETS     MINPODS   MAXPODS   REPLICAS   AGE
scaletestapp   Deployment/scaletestapp   10128m/10   1         10        5          17m
NAME           READY   UP-TO-DATE   AVAILABLE   AGE
scaletestapp   5/5     5            5           38m
NAME                            CPU(cores)   MEMORY(bytes)   
scaletestapp-59dd856cd7-5htzt   5m           7Mi             
scaletestapp-59dd856cd7-7lbq4   5m           7Mi             
scaletestapp-59dd856cd7-jpqsj   5m           7Mi             
scaletestapp-59dd856cd7-lgjlp   5m           11Mi            
scaletestapp-59dd856cd7-rzmc5   5m           7Mi             
NAME                            READY   STATUS    RESTARTS   AGE
scaletestapp-59dd856cd7-5htzt   1/1     Running   0          3m36s
scaletestapp-59dd856cd7-7lbq4   1/1     Running   0          3m6s
scaletestapp-59dd856cd7-jpqsj   1/1     Running   0          3m21s
scaletestapp-59dd856cd7-lgjlp   1/1     Running   0          18m
scaletestapp-59dd856cd7-rzmc5   1/1     Running   0          3m21s
2026-09-27T19:56:48Z
NAME           REFERENCE                 TARGETS    MINPODS   MAXPODS   REPLICAS   AGE
scaletestapp   Deployment/scaletestapp   8603m/10   1         10        5          17m
NAME           READY   UP-TO-DATE   AVAILABLE   AGE
scaletestapp   5/5     5            5           38m
NAME                            CPU(cores)   MEMORY(bytes)   
scaletestapp-59dd856cd7-5htzt   5m           7Mi             
scaletestapp-59dd856cd7-7lbq4   5m           7Mi             
scaletestapp-59dd856cd7-jpqsj   5m           7Mi             
scaletestapp-59dd856cd7-lgjlp   5m           11Mi            
scaletestapp-59dd856cd7-rzmc5   5m           7Mi             
NAME                            READY   STATUS    RESTARTS   AGE
scaletestapp-59dd856cd7-5htzt   1/1     Running   0          3m52s
scaletestapp-59dd856cd7-7lbq4   1/1     Running   0          3m22s
scaletestapp-59dd856cd7-jpqsj   1/1     Running   0          3m37s
scaletestapp-59dd856cd7-lgjlp   1/1     Running   0          18m
scaletestapp-59dd856cd7-rzmc5   1/1     Running   0          3m37s
2026-09-27T19:57:03Z
NAME           REFERENCE                 TARGETS    MINPODS   MAXPODS   REPLICAS   AGE
scaletestapp   Deployment/scaletestapp   5342m/10   1         10        5          18m
NAME           READY   UP-TO-DATE   AVAILABLE   AGE
scaletestapp   5/5     5            5           38m
NAME                            CPU(cores)   MEMORY(bytes)   
scaletestapp-59dd856cd7-5htzt   3m           6Mi             
scaletestapp-59dd856cd7-7lbq4   3m           7Mi             
scaletestapp-59dd856cd7-jpqsj   3m           7Mi             
scaletestapp-59dd856cd7-lgjlp   3m           12Mi            
scaletestapp-59dd856cd7-rzmc5   3m           7Mi             
NAME                            READY   STATUS    RESTARTS   AGE
scaletestapp-59dd856cd7-5htzt   1/1     Running   0          4m7s
scaletestapp-59dd856cd7-7lbq4   1/1     Running   0          3m37s
scaletestapp-59dd856cd7-jpqsj   1/1     Running   0          3m52s
scaletestapp-59dd856cd7-lgjlp   1/1     Running   0          18m
scaletestapp-59dd856cd7-rzmc5   1/1     Running   0          3m52s
2026-09-27T19:57:18Z
NAME           REFERENCE                 TARGETS    MINPODS   MAXPODS   REPLICAS   AGE
scaletestapp   Deployment/scaletestapp   1946m/10   1         10        5          18m
NAME           READY   UP-TO-DATE   AVAILABLE   AGE
scaletestapp   5/5     5            5           39m
NAME                            CPU(cores)   MEMORY(bytes)   
scaletestapp-59dd856cd7-5htzt   3m           6Mi             
scaletestapp-59dd856cd7-7lbq4   3m           7Mi             
scaletestapp-59dd856cd7-jpqsj   3m           7Mi             
scaletestapp-59dd856cd7-lgjlp   3m           12Mi            
scaletestapp-59dd856cd7-rzmc5   3m           7Mi             
NAME                            READY   STATUS    RESTARTS   AGE
scaletestapp-59dd856cd7-5htzt   1/1     Running   0          4m22s
scaletestapp-59dd856cd7-7lbq4   1/1     Running   0          3m52s
scaletestapp-59dd856cd7-jpqsj   1/1     Running   0          4m7s
scaletestapp-59dd856cd7-lgjlp   1/1     Running   0          19m
scaletestapp-59dd856cd7-rzmc5   1/1     Running   0          4m7s
2026-09-27T19:57:33Z
NAME           REFERENCE                 TARGETS   MINPODS   MAXPODS   REPLICAS   AGE
scaletestapp   Deployment/scaletestapp   0/10      1         10        5          18m
NAME           READY   UP-TO-DATE   AVAILABLE   AGE
scaletestapp   5/5     5            5           39m
NAME                            CPU(cores)   MEMORY(bytes)   
scaletestapp-59dd856cd7-5htzt   3m           6Mi             
scaletestapp-59dd856cd7-7lbq4   3m           7Mi             
scaletestapp-59dd856cd7-jpqsj   3m           7Mi             
scaletestapp-59dd856cd7-lgjlp   3m           12Mi            
scaletestapp-59dd856cd7-rzmc5   3m           7Mi             
NAME                            READY   STATUS    RESTARTS   AGE
scaletestapp-59dd856cd7-5htzt   1/1     Running   0          4m37s
scaletestapp-59dd856cd7-7lbq4   1/1     Running   0          4m7s
scaletestapp-59dd856cd7-jpqsj   1/1     Running   0          4m22s
scaletestapp-59dd856cd7-lgjlp   1/1     Running   0          19m
scaletestapp-59dd856cd7-rzmc5   1/1     Running   0          4m22s
2026-09-27T19:57:48Z
NAME           REFERENCE                 TARGETS   MINPODS   MAXPODS   REPLICAS   AGE
scaletestapp   Deployment/scaletestapp   0/10      1         10        5          18m
NAME           READY   UP-TO-DATE   AVAILABLE   AGE
scaletestapp   3/3     3            3           39m
NAME                            CPU(cores)   MEMORY(bytes)   
scaletestapp-59dd856cd7-5htzt   3m           6Mi             
scaletestapp-59dd856cd7-jpqsj   3m           7Mi             
scaletestapp-59dd856cd7-lgjlp   3m           12Mi            
NAME                            READY   STATUS    RESTARTS   AGE
scaletestapp-59dd856cd7-5htzt   1/1     Running   0          4m52s
scaletestapp-59dd856cd7-jpqsj   1/1     Running   0          4m37s
scaletestapp-59dd856cd7-lgjlp   1/1     Running   0          19m
2026-09-27T19:58:03Z
NAME           REFERENCE                 TARGETS   MINPODS   MAXPODS   REPLICAS   AGE
scaletestapp   Deployment/scaletestapp   0/10      1         10        3          19m
NAME           READY   UP-TO-DATE   AVAILABLE   AGE
scaletestapp   1/1     1            1           39m
NAME                            CPU(cores)   MEMORY(bytes)   
scaletestapp-59dd856cd7-lgjlp   1m           11Mi            
NAME                            READY   STATUS    RESTARTS   AGE
scaletestapp-59dd856cd7-lgjlp   1/1     Running   0          19m
2026-09-27T19:58:19Z
NAME           REFERENCE                 TARGETS   MINPODS   MAXPODS   REPLICAS   AGE
scaletestapp   Deployment/scaletestapp   0/10      1         10        1          19m
NAME           READY   UP-TO-DATE   AVAILABLE   AGE
scaletestapp   1/1     1            1           40m
NAME                            CPU(cores)   MEMORY(bytes)   
scaletestapp-59dd856cd7-lgjlp   1m           11Mi            
NAME                            READY   STATUS    RESTARTS   AGE
scaletestapp-59dd856cd7-lgjlp   1/1     Running   0          20m
2026-09-27T19:58:34Z
NAME           REFERENCE                 TARGETS   MINPODS   MAXPODS   REPLICAS   AGE
scaletestapp   Deployment/scaletestapp   0/10      1         10        1          19m
NAME           READY   UP-TO-DATE   AVAILABLE   AGE
scaletestapp   1/1     1            1           40m
NAME                            CPU(cores)   MEMORY(bytes)   
scaletestapp-59dd856cd7-lgjlp   1m           11Mi            
NAME                            READY   STATUS    RESTARTS   AGE
scaletestapp-59dd856cd7-lgjlp   1/1     Running   0          20m
2026-09-27T19:58:49Z
NAME           REFERENCE                 TARGETS   MINPODS   MAXPODS   REPLICAS   AGE
scaletestapp   Deployment/scaletestapp   0/10      1         10        1          19m
NAME           READY   UP-TO-DATE   AVAILABLE   AGE
scaletestapp   1/1     1            1           40m
NAME                            CPU(cores)   MEMORY(bytes)   
scaletestapp-59dd856cd7-lgjlp   1m           11Mi            
NAME                            READY   STATUS    RESTARTS   AGE
scaletestapp-59dd856cd7-lgjlp   1/1     Running   0          20m
2026-09-27T19:59:04Z
NAME           REFERENCE                 TARGETS   MINPODS   MAXPODS   REPLICAS   AGE
scaletestapp   Deployment/scaletestapp   0/10      1         10        1          20m
NAME           READY   UP-TO-DATE   AVAILABLE   AGE
scaletestapp   1/1     1            1           40m
NAME                            CPU(cores)   MEMORY(bytes)   
scaletestapp-59dd856cd7-lgjlp   1m           12Mi            
NAME                            READY   STATUS    RESTARTS   AGE
scaletestapp-59dd856cd7-lgjlp   1/1     Running   0          20m
2026-09-27T19:59:21Z
NAME           REFERENCE                 TARGETS   MINPODS   MAXPODS   REPLICAS   AGE
scaletestapp   Deployment/scaletestapp   0/10      1         10        1          20m
NAME           READY   UP-TO-DATE   AVAILABLE   AGE
scaletestapp   1/1     1            1           41m
NAME                            CPU(cores)   MEMORY(bytes)   
scaletestapp-59dd856cd7-lgjlp   1m           12Mi            
NAME                            READY   STATUS    RESTARTS   AGE
scaletestapp-59dd856cd7-lgjlp   1/1     Running   0          21m
Name:                                  scaletestapp
Namespace:                             task2
Labels:                                <none>
Annotations:                           <none>
CreationTimestamp:                     Sun, 27 Sep 2026 22:38:55 +0300
Reference:                             Deployment/scaletestapp
Metrics:                               ( current / target )
  "http_requests_per_second" on pods:  0 / 10
Min replicas:                          1
Max replicas:                          10
Behavior:
  Scale Up:
    Stabilization Window: 0 seconds
    Select Policy: Max
    Policies:
      - Type: Pods     Value: 4    Period: 15 seconds
      - Type: Percent  Value: 100  Period: 15 seconds
  Scale Down:
    Stabilization Window: 60 seconds
    Select Policy: Max
    Policies:
      - Type: Percent  Value: 100  Period: 15 seconds
Deployment pods:       1 current / 1 desired
Conditions:
  Type            Status  Reason            Message
  ----            ------  ------            -------
  AbleToScale     True    ReadyForNewScale  recommended size matches current size
  ScalingActive   True    ValidMetricFound  the HPA was able to successfully calculate a replica count from pods metric http_requests_per_second
  ScalingLimited  True    TooFewReplicas    the desired replica count is less than the minimum replica count
Events:
  Type    Reason             Age                From                       Message
  ----    ------             ----               ----                       -------
  Normal  SuccessfulRescale  13m                horizontal-pod-autoscaler  New size: 2; reason: memory resource utilization (percentage of request) above target
  Normal  SuccessfulRescale  6m40s              horizontal-pod-autoscaler  New size: 2; reason: pods metric http_requests_per_second above target
  Normal  SuccessfulRescale  6m25s              horizontal-pod-autoscaler  New size: 4; reason: pods metric http_requests_per_second above target
  Normal  SuccessfulRescale  6m10s              horizontal-pod-autoscaler  New size: 5; reason: pods metric http_requests_per_second above target
  Normal  SuccessfulRescale  114s               horizontal-pod-autoscaler  New size: 3; reason: All metrics below target
  Normal  SuccessfulRescale  99s (x2 over 11m)  horizontal-pod-autoscaler  New size: 1; reason: All metrics below target
